BL51 BANKED LINKER/LOCATER V6.22                                                        01/14/2017  16:46:35  PAGE 1


BL51 BANKED LINKER/LOCATER V6.22, INVOKED BY:
D:\PROGRAM FILES\KEIL\C51\BIN\BL51.EXE STARTUP.obj, 1.obj TO 1 RAMSIZE (256)


MEMORY MODEL: SMALL


INPUT MODULES INCLUDED:
  STARTUP.obj (?C_STARTUP)
  1.obj (1)


LINK MAP OF MODULE:  1 (?C_STARTUP)


            TYPE    BASE      LENGTH    RELOCATION   SEGMENT NAME
            -----------------------------------------------------

            * * * * * * *   D A T A   M E M O R Y   * * * * * * *
            REG     0000H     0008H     ABSOLUTE     "REG BANK 0"
            DATA    0008H     0003H     UNIT         _DATA_GROUP_
            IDATA   000BH     0001H     UNIT         ?STACK

            * * * * * * *   C O D E   M E M O R Y   * * * * * * *
            CODE    0000H     0003H     ABSOLUTE     
            CODE    0003H     0035H     UNIT         ?PR?MAIN?1
            CODE    0038H     0018H     UNIT         ?PR?_DELAY_XMS?1
            CODE    0050H     0010H     UNIT         ?PR?_SHUMA_DISPLAY?1
            CODE    0060H     0010H     UNIT         ?CO?1
            CODE    0070H     000CH     UNIT         ?C_C51STARTUP



OVERLAY MAP OF MODULE:   1 (?C_STARTUP)


SEGMENT                          DATA_GROUP 
  +--> CALLED SEGMENT          START    LENGTH
----------------------------------------------
?C_C51STARTUP                  -----    -----
  +--> ?PR?MAIN?1

?PR?MAIN?1                     0008H    0002H
  +--> ?CO?1
  +--> ?PR?_SHUMA_DISPLAY?1
  +--> ?PR?_DELAY_XMS?1

?PR?_SHUMA_DISPLAY?1           000AH    0001H



SYMBOL TABLE OF MODULE:  1 (?C_STARTUP)

  VALUE           TYPE          NAME
  ----------------------------------

  -------         MODULE        ?C_STARTUP
  C:0070H         SEGMENT       ?C_C51STARTUP
BL51 BANKED LINKER/LOCATER V6.22                                                      01/14/2017  16:46:35  PAGE 2


  I:000BH         SEGMENT       ?STACK
  C:0000H         PUBLIC        ?C_STARTUP
  D:00E0H         SYMBOL        ACC
  D:00F0H         SYMBOL        B
  D:0083H         SYMBOL        DPH
  D:0082H         SYMBOL        DPL
  N:0000H         SYMBOL        IBPSTACK
  N:0100H         SYMBOL        IBPSTACKTOP
  N:0080H         SYMBOL        IDATALEN
  C:0073H         SYMBOL        IDATALOOP
  N:0000H         SYMBOL        PBPSTACK
  N:0100H         SYMBOL        PBPSTACKTOP
  N:0000H         SYMBOL        PDATALEN
  N:0000H         SYMBOL        PDATASTART
  N:0000H         SYMBOL        PPAGE
  N:0000H         SYMBOL        PPAGEENABLE
  D:00A0H         SYMBOL        PPAGE_SFR
  D:0081H         SYMBOL        SP
  C:0070H         SYMBOL        STARTUP1
  N:0000H         SYMBOL        XBPSTACK
  N:0000H         SYMBOL        XBPSTACKTOP
  N:0000H         SYMBOL        XDATALEN
  N:0000H         SYMBOL        XDATASTART
  C:0000H         LINE#         126
  C:0070H         LINE#         133
  C:0072H         LINE#         134
  C:0073H         LINE#         135
  C:0074H         LINE#         136
  C:0076H         LINE#         185
  C:0079H         LINE#         196
  -------         ENDMOD        ?C_STARTUP

  -------         MODULE        1
  C:0000H         SYMBOL        _ICE_DUMMY_
  D:0080H         PUBLIC        P0
  D:0090H         PUBLIC        P1
  D:00B0H         PUBLIC        P3
  D:00A8H         PUBLIC        IE
  D:00B8H         PUBLIC        IP
  C:0003H         PUBLIC        main
  C:0038H         PUBLIC        _Delay_xms
  D:0098H         PUBLIC        SCON
  D:0088H         PUBLIC        TCON
  C:0050H         PUBLIC        _Shuma_Display
  B:00B0H.7       PUBLIC        D
  C:0060H         PUBLIC        shu
  B:00B0H.6       PUBLIC        W
  D:00C8H         PUBLIC        T2CON
  D:00D0H         PUBLIC        PSW
  -------         PROC          MAIN
  -------         DO            
  D:0008H         SYMBOL        i
  -------         ENDDO         
  C:0003H         LINE#         21
  C:0003H         LINE#         23
  C:0003H         LINE#         24
  C:0008H         LINE#         25
BL51 BANKED LINKER/LOCATER V6.22                                                      01/14/2017  16:46:35  PAGE 3


  C:001CH         LINE#         26
  C:0023H         LINE#         27
  -------         ENDPROC       MAIN
  -------         PROC          _DELAY_XMS
  D:0006H         SYMBOL        x
  -------         DO            
  D:0004H         SYMBOL        j
  D:0003H         SYMBOL        i
  -------         ENDDO         
  C:0038H         LINE#         33
  C:0038H         LINE#         34
  C:0038H         LINE#         37
  C:0042H         LINE#         38
  C:004FH         LINE#         39
  -------         ENDPROC       _DELAY_XMS
  -------         PROC          _SHUMA_DISPLAY
  D:0007H         SYMBOL        w
  D:0005H         SYMBOL        d
  -------         DO            
  D:000AH         SYMBOL        i
  -------         ENDDO         
  C:0050H         LINE#         41
  C:0050H         LINE#         42
  C:0053H         LINE#         44
  C:0055H         LINE#         45
  C:0057H         LINE#         46
  C:0059H         LINE#         48
  C:005BH         LINE#         49
  C:005DH         LINE#         50
  C:005FH         LINE#         51
  -------         ENDPROC       _SHUMA_DISPLAY
  -------         ENDMOD        1

Program Size: data=12.0 xdata=0 code=124
LINK/LOCATE RUN COMPLETE.  0 WARNING(S),  0 ERROR(S)
