BL51 BANKED LINKER/LOCATER V6.22                                                        01/13/2017  22:21:25  PAGE 1


BL51 BANKED LINKER/LOCATER V6.22, INVOKED BY:
D:\PROGRAM FILES\KEIL\C51\BIN\BL51.EXE STARTUP.obj, 1.obj TO 1 RAMSIZE (256)


MEMORY MODEL: SMALL


INPUT MODULES INCLUDED:
  STARTUP.obj (?C_STARTUP)
  1.obj (1)


LINK MAP OF MODULE:  1 (?C_STARTUP)


            TYPE    BASE      LENGTH    RELOCATION   SEGMENT NAME
            -----------------------------------------------------

            * * * * * * *   D A T A   M E M O R Y   * * * * * * *
            REG     0000H     0008H     ABSOLUTE     "REG BANK 0"
            IDATA   0008H     0001H     UNIT         ?STACK

            * * * * * * *   C O D E   M E M O R Y   * * * * * * *
            CODE    0000H     0003H     ABSOLUTE     
            CODE    0003H     0046H     UNIT         ?PR?MAIN?1
            CODE    0049H     0023H     UNIT         ?PR?_DELAY?1
            CODE    006CH     000CH     UNIT         ?C_C51STARTUP



OVERLAY MAP OF MODULE:   1 (?C_STARTUP)


SEGMENT
  +--> CALLED SEGMENT
---------------------
?C_C51STARTUP
  +--> ?PR?MAIN?1

?PR?MAIN?1
  +--> ?PR?_DELAY?1



SYMBOL TABLE OF MODULE:  1 (?C_STARTUP)

  VALUE           TYPE          NAME
  ----------------------------------

  -------         MODULE        ?C_STARTUP
  C:006CH         SEGMENT       ?C_C51STARTUP
  I:0008H         SEGMENT       ?STACK
  C:0000H         PUBLIC        ?C_STARTUP
  D:00E0H         SYMBOL        ACC
  D:00F0H         SYMBOL        B
  D:0083H         SYMBOL        DPH
  D:0082H         SYMBOL        DPL
  N:0000H         SYMBOL        IBPSTACK
BL51 BANKED LINKER/LOCATER V6.22                                                      01/13/2017  22:21:25  PAGE 2


  N:0100H         SYMBOL        IBPSTACKTOP
  N:0080H         SYMBOL        IDATALEN
  C:006FH         SYMBOL        IDATALOOP
  N:0000H         SYMBOL        PBPSTACK
  N:0100H         SYMBOL        PBPSTACKTOP
  N:0000H         SYMBOL        PDATALEN
  N:0000H         SYMBOL        PDATASTART
  N:0000H         SYMBOL        PPAGE
  N:0000H         SYMBOL        PPAGEENABLE
  D:00A0H         SYMBOL        PPAGE_SFR
  D:0081H         SYMBOL        SP
  C:006CH         SYMBOL        STARTUP1
  N:0000H         SYMBOL        XBPSTACK
  N:0000H         SYMBOL        XBPSTACKTOP
  N:0000H         SYMBOL        XDATALEN
  N:0000H         SYMBOL        XDATASTART
  C:0000H         LINE#         126
  C:006CH         LINE#         133
  C:006EH         LINE#         134
  C:006FH         LINE#         135
  C:0070H         LINE#         136
  C:0072H         LINE#         185
  C:0075H         LINE#         196
  -------         ENDMOD        ?C_STARTUP

  -------         MODULE        1
  C:0000H         SYMBOL        _ICE_DUMMY_
  D:0080H         PUBLIC        P0
  D:0090H         PUBLIC        P1
  D:00B0H         PUBLIC        P3
  D:00A8H         PUBLIC        IE
  C:004EH         PUBLIC        _delay
  D:00B8H         PUBLIC        IP
  C:0003H         PUBLIC        main
  D:0098H         PUBLIC        SCON
  D:0088H         PUBLIC        TCON
  D:00C8H         PUBLIC        T2CON
  D:00D0H         PUBLIC        PSW
  C:004AH         SYMBOL        L?0022
  -------         PROC          L?0021
  -------         ENDPROC       L?0021
  C:004AH         SYMBOL        L?0022
  -------         PROC          _DELAY
  D:0006H         SYMBOL        t
  -------         DO            
  D:0003H         SYMBOL        i
  D:0004H         SYMBOL        j
  -------         ENDDO         
  C:004EH         LINE#         13
  C:004EH         LINE#         16
  C:005EH         LINE#         17
  C:006BH         LINE#         19
  -------         ENDPROC       _DELAY
  -------         PROC          MAIN
  -------         DO            
  D:0002H         SYMBOL        i
  D:0001H         SYMBOL        led
BL51 BANKED LINKER/LOCATER V6.22                                                      01/13/2017  22:21:25  PAGE 3


  -------         ENDDO         
  C:0003H         LINE#         20
  C:0003H         LINE#         40
  C:0003H         LINE#         41
  C:0005H         LINE#         42
  C:0007H         LINE#         43
  C:0009H         LINE#         44
  C:000DH         LINE#         45
  C:0010H         LINE#         46
  C:0014H         LINE#         48
  C:0016H         LINE#         49
  C:0018H         LINE#         50
  C:001AH         LINE#         51
  C:001FH         LINE#         52
  C:0022H         LINE#         53
  C:0026H         LINE#         54
  C:002EH         LINE#         55
  C:0034H         LINE#         56
  C:003AH         LINE#         57
  C:0040H         LINE#         58
  C:0046H         LINE#         59
  -------         ENDPROC       MAIN
  -------         ENDMOD        1

Program Size: data=9.0 xdata=0 code=120
LINK/LOCATE RUN COMPLETE.  0 WARNING(S),  0 ERROR(S)
