BL51 BANKED LINKER/LOCATER V6.22                                                        01/13/2017  19:24:54  PAGE 1


BL51 BANKED LINKER/LOCATER V6.22, INVOKED BY:
D:\PROGRAM FILES\KEIL\C51\BIN\BL51.EXE STARTUP.obj, 1.obj TO 1 RAMSIZE (256)


MEMORY MODEL: SMALL


INPUT MODULES INCLUDED:
  STARTUP.obj (?C_STARTUP)
  1.obj (1)


LINK MAP OF MODULE:  1 (?C_STARTUP)


            TYPE    BASE      LENGTH    RELOCATION   SEGMENT NAME
            -----------------------------------------------------

            * * * * * * *   D A T A   M E M O R Y   * * * * * * *
            REG     0000H     0008H     ABSOLUTE     "REG BANK 0"
            IDATA   0008H     0001H     UNIT         ?STACK

            * * * * * * *   C O D E   M E M O R Y   * * * * * * *
            CODE    0000H     0003H     ABSOLUTE     
            CODE    0003H     003CH     UNIT         ?PR?MAIN?1
            CODE    003FH     0028H     UNIT         ?PR?_DELAY?1
            CODE    0067H     000CH     UNIT         ?C_C51STARTUP



OVERLAY MAP OF MODULE:   1 (?C_STARTUP)


SEGMENT
  +--> CALLED SEGMENT
---------------------
?C_C51STARTUP
  +--> ?PR?MAIN?1

?PR?MAIN?1
  +--> ?PR?_DELAY?1



SYMBOL TABLE OF MODULE:  1 (?C_STARTUP)

  VALUE           TYPE          NAME
  ----------------------------------

  -------         MODULE        ?C_STARTUP
  C:0067H         SEGMENT       ?C_C51STARTUP
  I:0008H         SEGMENT       ?STACK
  C:0000H         PUBLIC        ?C_STARTUP
  D:00E0H         SYMBOL        ACC
  D:00F0H         SYMBOL        B
  D:0083H         SYMBOL        DPH
  D:0082H         SYMBOL        DPL
  N:0000H         SYMBOL        IBPSTACK
BL51 BANKED LINKER/LOCATER V6.22                                                      01/13/2017  19:24:54  PAGE 2


  N:0100H         SYMBOL        IBPSTACKTOP
  N:0080H         SYMBOL        IDATALEN
  C:006AH         SYMBOL        IDATALOOP
  N:0000H         SYMBOL        PBPSTACK
  N:0100H         SYMBOL        PBPSTACKTOP
  N:0000H         SYMBOL        PDATALEN
  N:0000H         SYMBOL        PDATASTART
  N:0000H         SYMBOL        PPAGE
  N:0000H         SYMBOL        PPAGEENABLE
  D:00A0H         SYMBOL        PPAGE_SFR
  D:0081H         SYMBOL        SP
  C:0067H         SYMBOL        STARTUP1
  N:0000H         SYMBOL        XBPSTACK
  N:0000H         SYMBOL        XBPSTACKTOP
  N:0000H         SYMBOL        XDATALEN
  N:0000H         SYMBOL        XDATASTART
  C:0000H         LINE#         126
  C:0067H         LINE#         133
  C:0069H         LINE#         134
  C:006AH         LINE#         135
  C:006BH         LINE#         136
  C:006DH         LINE#         185
  C:0070H         LINE#         196
  -------         ENDMOD        ?C_STARTUP

  -------         MODULE        1
  C:0000H         SYMBOL        _ICE_DUMMY_
  D:0080H         PUBLIC        P0
  D:0090H         PUBLIC        P1
  D:00B0H         PUBLIC        P3
  D:00A8H         PUBLIC        IE
  C:0049H         PUBLIC        _delay
  D:00B8H         PUBLIC        IP
  C:0003H         PUBLIC        main
  D:0098H         PUBLIC        SCON
  D:0088H         PUBLIC        TCON
  D:00C8H         PUBLIC        T2CON
  D:00D0H         PUBLIC        PSW
  -------         PROC          L?0018
  -------         ENDPROC       L?0018
  -------         PROC          _DELAY
  D:0006H         SYMBOL        a
  -------         DO            
  D:0003H         SYMBOL        i
  D:0004H         SYMBOL        j
  -------         ENDDO         
  C:0049H         LINE#         9
  C:0049H         LINE#         12
  C:0059H         LINE#         13
  C:0066H         LINE#         15
  -------         ENDPROC       _DELAY
  -------         PROC          MAIN
  -------         DO            
  D:0002H         SYMBOL        i
  D:0082H         SYMBOL        led
  -------         ENDDO         
  C:0003H         LINE#         16
BL51 BANKED LINKER/LOCATER V6.22                                                      01/13/2017  19:24:54  PAGE 3


  C:0003H         LINE#         34
  C:0003H         LINE#         35
  C:0006H         LINE#         36
  C:0008H         LINE#         37
  C:000BH         LINE#         38
  C:0017H         LINE#         39
  C:001AH         LINE#         40
  C:001EH         LINE#         42
  C:0021H         LINE#         43
  C:002BH         LINE#         44
  C:002EH         LINE#         45
  C:0039H         LINE#         46
  C:003CH         LINE#         47
  -------         ENDPROC       MAIN
  -------         ENDMOD        1

Program Size: data=9.0 xdata=0 code=115
LINK/LOCATE RUN COMPLETE.  0 WARNING(S),  0 ERROR(S)
