BL51 BANKED LINKER/LOCATER V6.22                                                        01/14/2017  16:33:38  PAGE 1


BL51 BANKED LINKER/LOCATER V6.22, INVOKED BY:
D:\PROGRAM FILES\KEIL\C51\BIN\BL51.EXE STARTUP.obj, 1.obj TO 1 RAMSIZE (256)


MEMORY MODEL: SMALL


INPUT MODULES INCLUDED:
  STARTUP.obj (?C_STARTUP)
  1.obj (1)


LINK MAP OF MODULE:  1 (?C_STARTUP)


            TYPE    BASE      LENGTH    RELOCATION   SEGMENT NAME
            -----------------------------------------------------

            * * * * * * *   D A T A   M E M O R Y   * * * * * * *
            REG     0000H     0008H     ABSOLUTE     "REG BANK 0"
            IDATA   0008H     0001H     UNIT         ?STACK

            * * * * * * *   C O D E   M E M O R Y   * * * * * * *
            CODE    0000H     0003H     ABSOLUTE     
            CODE    0003H     0018H     UNIT         ?PR?_DELAY_XMS?1
            CODE    001BH     0014H     UNIT         ?PR?MAIN?1
            CODE    002FH     000CH     UNIT         ?C_C51STARTUP
            CODE    003BH     000BH     UNIT         ?CO?1



OVERLAY MAP OF MODULE:   1 (?C_STARTUP)


SEGMENT
  +--> CALLED SEGMENT
---------------------
?C_C51STARTUP
  +--> ?PR?MAIN?1

?PR?MAIN?1
  +--> ?CO?1



SYMBOL TABLE OF MODULE:  1 (?C_STARTUP)

  VALUE           TYPE          NAME
  ----------------------------------

  -------         MODULE        ?C_STARTUP
  C:002FH         SEGMENT       ?C_C51STARTUP
  I:0008H         SEGMENT       ?STACK
  C:0000H         PUBLIC        ?C_STARTUP
  D:00E0H         SYMBOL        ACC
  D:00F0H         SYMBOL        B
  D:0083H         SYMBOL        DPH
  D:0082H         SYMBOL        DPL
BL51 BANKED LINKER/LOCATER V6.22                                                      01/14/2017  16:33:38  PAGE 2


  N:0000H         SYMBOL        IBPSTACK
  N:0100H         SYMBOL        IBPSTACKTOP
  N:0080H         SYMBOL        IDATALEN
  C:0032H         SYMBOL        IDATALOOP
  N:0000H         SYMBOL        PBPSTACK
  N:0100H         SYMBOL        PBPSTACKTOP
  N:0000H         SYMBOL        PDATALEN
  N:0000H         SYMBOL        PDATASTART
  N:0000H         SYMBOL        PPAGE
  N:0000H         SYMBOL        PPAGEENABLE
  D:00A0H         SYMBOL        PPAGE_SFR
  D:0081H         SYMBOL        SP
  C:002FH         SYMBOL        STARTUP1
  N:0000H         SYMBOL        XBPSTACK
  N:0000H         SYMBOL        XBPSTACKTOP
  N:0000H         SYMBOL        XDATALEN
  N:0000H         SYMBOL        XDATASTART
  C:0000H         LINE#         126
  C:002FH         LINE#         133
  C:0031H         LINE#         134
  C:0032H         LINE#         135
  C:0033H         LINE#         136
  C:0035H         LINE#         185
  C:0038H         LINE#         196
  -------         ENDMOD        ?C_STARTUP

  -------         MODULE        1
  C:0000H         SYMBOL        _ICE_DUMMY_
  D:0080H         PUBLIC        P0
  D:0090H         PUBLIC        P1
  D:00B0H         PUBLIC        P3
  D:00A8H         PUBLIC        IE
  D:00B8H         PUBLIC        IP
  C:001BH         PUBLIC        main
  C:0003H         PUBLIC        _Delay_xms
  D:0098H         PUBLIC        SCON
  D:0088H         PUBLIC        TCON
  B:00B0H.7       PUBLIC        D
  C:003BH         PUBLIC        shu
  B:00B0H.6       PUBLIC        W
  D:00C8H         PUBLIC        T2CON
  D:00D0H         PUBLIC        PSW
  -------         PROC          MAIN
  C:001BH         LINE#         19
  C:001BH         LINE#         20
  C:001BH         LINE#         22
  C:001EH         LINE#         25
  C:0020H         LINE#         26
  C:0022H         LINE#         28
  C:0029H         LINE#         29
  C:002BH         LINE#         30
  C:002DH         LINE#         31
  -------         ENDPROC       MAIN
  -------         PROC          _DELAY_XMS
  D:0006H         SYMBOL        x
  -------         DO            
  D:0004H         SYMBOL        j
BL51 BANKED LINKER/LOCATER V6.22                                                      01/14/2017  16:33:38  PAGE 3


  D:0003H         SYMBOL        i
  -------         ENDDO         
  C:0003H         LINE#         36
  C:0003H         LINE#         37
  C:0003H         LINE#         40
  C:000DH         LINE#         41
  C:001AH         LINE#         42
  -------         ENDPROC       _DELAY_XMS
  -------         ENDMOD        1

*** WARNING L16: UNCALLED SEGMENT, IGNORED FOR OVERLAY PROCESS
    SEGMENT: ?PR?_DELAY_XMS?1

Program Size: data=9.0 xdata=0 code=70
LINK/LOCATE RUN COMPLETE.  1 WARNING(S),  0 ERROR(S)
