C51 COMPILER V9.01   1                                                                     01/15/2017 15:35:30 PAGE 1   


C51 COMPILER V9.01, COMPILATION OF MODULE 1
OBJECT MODULE PLACED IN 1.OBJ
COMPILER INVOKED BY: D:\Program Files\keil\C51\BIN\C51.EXE 1.c BROWSE DEBUG OBJECTEXTEND

line level    source

   1          /*
   2          任务八
   3          2017-1-15 15:05:40
   4                  用单片机的定时器和数码管
   5                  做一个倒计时（精确到100毫秒）
   6          */
   7          #include<reg52.h>
   8          #define uchar unsigned char 
   9          #define uint unsigned int
  10          uchar code shu[]={0x3f,0x06,0x5b,0x4f,0x66,
  11                                            0x6d,0x7d,0x07,0x7f,0x6f,
  12                                            /*前面是0~9的断选码*/
  13                                            0x77,0x7c,0x39,0x5e,0x79,0x71,/*A-F*/
  14                                            0x40/*:-*/
  15                                            };
  16          uchar code wei[]={0xfe,0xfd,0xfb,0xf7,0xef,0xdf,0xbf,0x7f};
  17          uchar t_50ms = 0;
  18          sbit W = P3^6;
  19          sbit D = P3^7;
  20          // 大概延时x ms的函数
  21          void Delay_xms(uint x);
  22          // 数码管显示函数
  23          void Shuma_Display(uchar w,uchar d);
  24          
  25          void main ()
  26          {
  27   1              uint time = 100;
  28   1              TMOD=0X01;                          // 设置定时器0为工作方式1
  29   1              TH0=(65536-45872)/256;  // 装初值45872 在11.0592MHz下为50ms
  30   1              TL0=(65536-45872)%256;
  31   1              EA=1;                                   //开总中断
  32   1              ET0=1;                                  //开定时器0中断
  33   1              TR0=1;                              //计数器开始工作
  34   1              W=0;
  35   1              D=0;     
  36   1      
  37   1              while(1){                                        
  38   2                      Shuma_Display(wei[7],shu[time%10]);
  39   2                      Shuma_Display(wei[6],shu[time/10]+0x80);
  40   2                      if(t_50ms>=2){
  41   3                              t_50ms = 0;
  42   3                              time --;
  43   3                              if(time<=0){
  44   4                                  TR0 = 0;
  45   4                              }
  46   3                      }
  47   2              }
  48   1      }
  49          void T0_50ms() interrupt 1
  50          {       
  51   1              TH0=(65536-45872)/256;
  52   1              TL0=(65536-45872)%256;
  53   1              t_50ms++;
  54   1      }
  55          // 大概延时x ms的函数
C51 COMPILER V9.01   1                                                                     01/15/2017 15:35:30 PAGE 2   

  56          void Delay_xms(uint x)
  57          {
  58   1              uint j;
  59   1              uchar i;
  60   1              for (j=0;j<x;j++)
  61   1                      for (i=0;i<110;i++);
  62   1      }
  63          // 数码管显示函数
  64          void Shuma_Display(uchar w,uchar d){
  65   1              uchar i=0;
  66   1              // 送位选
  67   1              P0 = w;
  68   1              W = 1;
  69   1              W = 0;
  70   1              // 送断选
  71   1              P0 = d;
  72   1              D = 1;
  73   1              D = 0;
  74   1              for(;i<250;i++);
  75   1      
  76   1      }


MODULE INFORMATION:   STATIC OVERLAYABLE
   CODE SIZE        =    178    ----
   CONSTANT SIZE    =     25    ----
   XDATA SIZE       =   ----    ----
   PDATA SIZE       =   ----    ----
   DATA SIZE        =      1       2
   IDATA SIZE       =   ----    ----
   BIT SIZE         =   ----    ----
END OF MODULE INFORMATION.


C51 COMPILATION COMPLETE.  0 WARNING(S),  0 ERROR(S)
