BL51 BANKED LINKER/LOCATER V6.22                                                        01/15/2017  15:35:30  PAGE 1


BL51 BANKED LINKER/LOCATER V6.22, INVOKED BY:
D:\PROGRAM FILES\KEIL\C51\BIN\BL51.EXE STARTUP.obj, 1.obj TO 1 RAMSIZE (256)


MEMORY MODEL: SMALL


INPUT MODULES INCLUDED:
  STARTUP.obj (?C_STARTUP)
  1.obj (1)
  D:\PROGRAM FILES\KEIL\C51\LIB\C51S.LIB (?C_INIT)
  D:\PROGRAM FILES\KEIL\C51\LIB\C51S.LIB (?C?UIDIV)


LINK MAP OF MODULE:  1 (?C_STARTUP)


            TYPE    BASE      LENGTH    RELOCATION   SEGMENT NAME
            -----------------------------------------------------

            * * * * * * *   D A T A   M E M O R Y   * * * * * * *
            REG     0000H     0008H     ABSOLUTE     "REG BANK 0"
            DATA    0008H     0002H     UNIT         _DATA_GROUP_
            DATA    000AH     0001H     UNIT         ?DT?1
            IDATA   000BH     0001H     UNIT         ?STACK

            * * * * * * *   C O D E   M E M O R Y   * * * * * * *
            CODE    0000H     0003H     ABSOLUTE     
            CODE    0003H     0004H     UNIT         ?C_INITSEG
                    0007H     0004H                  *** GAP ***
            CODE    000BH     0003H     ABSOLUTE     
            CODE    000EH     008CH     UNIT         ?C_C51STARTUP
            CODE    009AH     007EH     UNIT         ?PR?MAIN?1
            CODE    0118H     0055H     UNIT         ?C?LIB_CODE
            CODE    016DH     0019H     UNIT         ?CO?1
            CODE    0186H     0018H     UNIT         ?PR?_DELAY_XMS?1
            CODE    019EH     0013H     UNIT         ?PR?_SHUMA_DISPLAY?1
            CODE    01B1H     0009H     UNIT         ?PR?T0_50MS?1



OVERLAY MAP OF MODULE:   1 (?C_STARTUP)


SEGMENT                          DATA_GROUP 
  +--> CALLED SEGMENT          START    LENGTH
----------------------------------------------
?C_C51STARTUP                  -----    -----
  +--> ?PR?MAIN?1
  +--> ?C_INITSEG

?PR?MAIN?1                     0008H    0002H
  +--> ?CO?1
  +--> ?PR?_SHUMA_DISPLAY?1



SYMBOL TABLE OF MODULE:  1 (?C_STARTUP)
BL51 BANKED LINKER/LOCATER V6.22                                                      01/15/2017  15:35:30  PAGE 2



  VALUE           TYPE          NAME
  ----------------------------------

  -------         MODULE        ?C_STARTUP
  C:000EH         SEGMENT       ?C_C51STARTUP
  I:000BH         SEGMENT       ?STACK
  C:0000H         PUBLIC        ?C_STARTUP
  D:00E0H         SYMBOL        ACC
  D:00F0H         SYMBOL        B
  D:0083H         SYMBOL        DPH
  D:0082H         SYMBOL        DPL
  N:0000H         SYMBOL        IBPSTACK
  N:0100H         SYMBOL        IBPSTACKTOP
  N:0080H         SYMBOL        IDATALEN
  C:0011H         SYMBOL        IDATALOOP
  N:0000H         SYMBOL        PBPSTACK
  N:0100H         SYMBOL        PBPSTACKTOP
  N:0000H         SYMBOL        PDATALEN
  N:0000H         SYMBOL        PDATASTART
  N:0000H         SYMBOL        PPAGE
  N:0000H         SYMBOL        PPAGEENABLE
  D:00A0H         SYMBOL        PPAGE_SFR
  D:0081H         SYMBOL        SP
  C:000EH         SYMBOL        STARTUP1
  N:0000H         SYMBOL        XBPSTACK
  N:0000H         SYMBOL        XBPSTACKTOP
  N:0000H         SYMBOL        XDATALEN
  N:0000H         SYMBOL        XDATASTART
  C:0000H         LINE#         126
  C:000EH         LINE#         133
  C:0010H         LINE#         134
  C:0011H         LINE#         135
  C:0012H         LINE#         136
  C:0014H         LINE#         185
  C:0017H         LINE#         196
  -------         ENDMOD        ?C_STARTUP

  -------         MODULE        1
  C:0000H         SYMBOL        _ICE_DUMMY_
  D:0080H         PUBLIC        P0
  D:0090H         PUBLIC        P1
  D:00B0H         PUBLIC        P3
  B:00A8H.7       PUBLIC        EA
  D:00A8H         PUBLIC        IE
  D:00B8H         PUBLIC        IP
  D:000AH         PUBLIC        t_50ms
  C:009AH         PUBLIC        main
  C:01B1H         PUBLIC        T0_50ms
  C:0186H         PUBLIC        _Delay_xms
  D:0098H         PUBLIC        SCON
  D:0089H         PUBLIC        TMOD
  D:0088H         PUBLIC        TCON
  C:019EH         PUBLIC        _Shuma_Display
  B:00B0H.7       PUBLIC        D
  C:017EH         PUBLIC        wei
  B:00A8H.1       PUBLIC        ET0
BL51 BANKED LINKER/LOCATER V6.22                                                      01/15/2017  15:35:30  PAGE 3


  D:008CH         PUBLIC        TH0
  D:008AH         PUBLIC        TL0
  C:016DH         PUBLIC        shu
  B:00B0H.6       PUBLIC        W
  B:0088H.4       PUBLIC        TR0
  D:00C8H         PUBLIC        T2CON
  D:00D0H         PUBLIC        PSW
  -------         PROC          MAIN
  -------         DO            
  D:0008H         SYMBOL        time
  -------         ENDDO         
  C:009AH         LINE#         25
  C:009AH         LINE#         26
  C:009AH         LINE#         27
  C:00A0H         LINE#         28
  C:00A3H         LINE#         29
  C:00A6H         LINE#         30
  C:00A9H         LINE#         31
  C:00ABH         LINE#         32
  C:00ADH         LINE#         33
  C:00AFH         LINE#         34
  C:00B1H         LINE#         35
  C:00B3H         LINE#         37
  C:00B3H         LINE#         38
  C:00D4H         LINE#         39
  C:00F7H         LINE#         40
  C:00FEH         LINE#         41
  C:0101H         LINE#         42
  C:0109H         LINE#         43
  C:0114H         LINE#         44
  C:0116H         LINE#         45
  C:0116H         LINE#         46
  C:0116H         LINE#         47
  -------         ENDPROC       MAIN
  -------         PROC          T0_50MS
  C:01B1H         LINE#         49
  C:01B1H         LINE#         51
  C:01B4H         LINE#         52
  C:01B7H         LINE#         53
  C:01B9H         LINE#         54
  -------         ENDPROC       T0_50MS
  -------         PROC          _DELAY_XMS
  D:0006H         SYMBOL        x
  -------         DO            
  D:0004H         SYMBOL        j
  D:0003H         SYMBOL        i
  -------         ENDDO         
  C:0186H         LINE#         56
  C:0186H         LINE#         57
  C:0186H         LINE#         60
  C:0190H         LINE#         61
  C:019DH         LINE#         62
  -------         ENDPROC       _DELAY_XMS
  -------         PROC          _SHUMA_DISPLAY
  D:0007H         SYMBOL        w
  D:0005H         SYMBOL        d
  -------         DO            
BL51 BANKED LINKER/LOCATER V6.22                                                      01/15/2017  15:35:30  PAGE 4


  D:0006H         SYMBOL        i
  -------         ENDDO         
  C:019EH         LINE#         64
  C:019EH         LINE#         65
  C:01A0H         LINE#         67
  C:01A2H         LINE#         68
  C:01A4H         LINE#         69
  C:01A6H         LINE#         71
  C:01A8H         LINE#         72
  C:01AAH         LINE#         73
  C:01ACH         LINE#         74
  C:01B0H         LINE#         76
  -------         ENDPROC       _SHUMA_DISPLAY
  -------         ENDMOD        1

  -------         MODULE        ?C?UIDIV
  C:0118H         PUBLIC        ?C?UIDIV
  -------         ENDMOD        ?C?UIDIV

*** WARNING L16: UNCALLED SEGMENT, IGNORED FOR OVERLAY PROCESS
    SEGMENT: ?PR?_DELAY_XMS?1

Program Size: data=12.0 xdata=0 code=438
LINK/LOCATE RUN COMPLETE.  1 WARNING(S),  0 ERROR(S)
